[soho.shadcnuikit.com/chats.html]
[soho.shadcnuikit.com/_next/static/media/a34f9d1faa5f3315-s.p.woff2]
[soho.shadcnuikit.com/not-selected-chat.svg]
[soho.shadcnuikit.com/not-selected-chat-light.svg]
[soho.shadcnuikit.com/_next/static/css/7b5a35c1c53c33b6.css]
[soho.shadcnuikit.com/_next/static/chunks/webpack-45a3b60670193fe9.js]
[soho.shadcnuikit.com/_next/static/chunks/fd9d1056-82fc2a82826c61b9.js]
[soho.shadcnuikit.com/_next/static/chunks/23-014408e0d92be2be.js]
[soho.shadcnuikit.com/_next/static/chunks/main-app-f73cdb3bce740b12.js]
[soho.shadcnuikit.com/_next/static/chunks/183-1dc5c3154b4d62df.js]
[soho.shadcnuikit.com/_next/static/chunks/231-f892f4c16cb55be5.js]
[soho.shadcnuikit.com/_next/static/chunks/361-b651e73da552a30d.js]
[soho.shadcnuikit.com/_next/static/chunks/173-2473fe3d875d5aeb.js]
[soho.shadcnuikit.com/_next/static/chunks/874-128502eea3ab2d0d.js]
[soho.shadcnuikit.com/_next/static/chunks/27-4fd2f6eab708cffd.js]
[soho.shadcnuikit.com/_next/static/chunks/app/(auth)/layout-3abe395f118f5d9b.js]
[soho.shadcnuikit.com/_next/static/chunks/app/layout-6394dceb17ca38c4.js]
[soho.shadcnuikit.com/_next/static/chunks/924-af899a88b2eae99b.js]
[soho.shadcnuikit.com/_next/static/chunks/2-43599fba25b7e005.js]
[soho.shadcnuikit.com/_next/static/chunks/533-5fe6ad6e029c9f39.js]
[soho.shadcnuikit.com/_next/static/chunks/app/(auth)/chats/page-c0ef48da03a39424.js]
[backblue.gif]
[fade.gif]
[index.html]
[soho.shadcnuikit.com/favicon.ico]
[soho.shadcnuikit.com/_next/static/chunks/polyfills-78c92fac7aa8fdd8.js]
[soho.shadcnuikit.com/logo.svg]
[soho.shadcnuikit.com/status.html]
[soho.shadcnuikit.com/contacts.html]
[soho.shadcnuikit.com/archive.html]
[soho.shadcnuikit.com/chats.html]
[soho.shadcnuikit.com/not-selected-chat.svg]
[soho.shadcnuikit.com/not-selected-chat-light.svg]
[soho.shadcnuikit.com/login.html]
[soho.shadcnuikit.com/_next/static/media/55c55f0601d81cf3-s.woff2]
[soho.shadcnuikit.com/_next/static/media/26a46d62cd723877-s.woff2]
[soho.shadcnuikit.com/_next/static/media/97e0cb1ae144a2a9-s.woff2]
[soho.shadcnuikit.com/_next/static/media/581909926a08bbc8-s.woff2]
[soho.shadcnuikit.com/_next/static/media/df0a9ae256c0569c-s.woff2]
[soho.shadcnuikit.com/_next/static/media/6d93bde91c0c2823-s.woff2]
[soho.shadcnuikit.com/_next/static/css/7b5a35c1c53c33b6.css]
[soho.shadcnuikit.com/logo.svg]
[soho.shadcnuikit.com/_next/static/css/d9380a14484539f6.css]
[soho.shadcnuikit.com/_next/static/chunks/560-be6f55fe6361baf7.js]
[soho.shadcnuikit.com/status.html]
[soho.shadcnuikit.com/_next/static/chunks/app/(auth)/status/page-1947777db850e76e.js]
[soho.shadcnuikit.com/_next/static/chunks/709-bff8fe3ea3e2a799.js]
[soho.shadcnuikit.com/contacts.html]
[soho.shadcnuikit.com/_next/static/chunks/app/(auth)/contacts/page-0355f4aae819f026.js]
[soho.shadcnuikit.com/_next/static/chunks/app/(auth)/archive/page-2d9917e967242c3d.js]
[soho.shadcnuikit.com/archive.html]
[soho.shadcnuikit.com/_next/static/chunks/app/(guest)/login/page-6f297b4a6d4eac08.js]
[soho.shadcnuikit.com/forgot-password.html]
[soho.shadcnuikit.com/register.html]
[soho.shadcnuikit.com/login.html]
[soho.shadcnuikit.com/_next/static/css/d9380a14484539f6.css]
[soho.shadcnuikit.com/forgot-password.html]
[soho.shadcnuikit.com/_next/static/chunks/app/(guest)/forgot-password/page-a2b3d5c049d5662a.js]
[soho.shadcnuikit.com/register.html]
[soho.shadcnuikit.com/_next/image12cb.html]
[soho.shadcnuikit.com/_next/static/chunks/app/(guest)/register/page-75b50033edfbe034.js]
